"","x"
"col1",0.250065035169696
"col2",0.343012205919103
"col3",0.2334188858126
"col4",0.322824212688772
"col5",0.18477461061756
"col6",0.114525487051443
"col7",0.995
"col8",0.191754079283399
"col9",0.378005229751056
"col10",0.995
