"","ML1","ML2"
"col1",-0.0292933472099349,0.482536190258546
"col2",0.592707448192468,-0.140834455436024
"col3",0.0642186028741459,0.42959921142857
"col4",0.11701074126467,0.469770837964104
"col5",-0.0158258888139642,0.386580741198456
"col6",-0.158203694658678,0.371482851219504
"col7",-0.0218479435862424,0.307607014073145
"col8",0.39793181068241,0.146175615707609
"col9",0.358476724098173,0.26222685649942
"col10",1.01133640716244,-0.276700979310257
