"","ML1","ML2","ML3"
"col1",-0.0298306933798952,0.0382777739944882,0.502731005818389
"col2",0.581102851464703,0.0185150904454806,-0.0527569941991807
"col3",0.0630094083519428,0.0608519323854043,0.468584756769528
"col4",0.116883604107566,0.0190670273667876,0.563332551609463
"col5",-0.0149734682071104,0.0347995452235202,0.421432347770154
"col6",-0.159155020804362,0.228409800985043,0.254747153274146
"col7",-0.021925314321481,0.997221111006327,-0.00840660132033137
"col8",0.388295917501136,0.0764460202285972,0.186977415639235
"col9",0.349314760145125,0.508428826378606,0.151429241430802
"col10",0.993967145519062,-0.0278836437965788,-0.0790707493667448
