"","ULS1","ULS2"
"col1",-0.0573234849998337,0.490958486600976
"col2",0.610022690078916,-0.153091853241943
"col3",0.014599712528799,0.447395955980052
"col4",0.0813571779770967,0.476123331966679
"col5",-0.0553739052067912,0.399182283179972
"col6",-0.117362483551464,0.349096838915804
"col7",0.0682808799120135,0.271871500306474
"col8",0.391284512931041,0.144095810307533
"col9",0.377868462520904,0.264253124741492
"col10",0.996043177376925,-0.281095105722621
