"","x"
"col1",0.767998662704309
"col2",0.645330572494184
"col3",0.796763138332462
"col4",0.74972390358084
"col5",0.847266527901037
"col6",0.88229884394263
"col7",0.913291561429346
"col8",0.801438626805389
"col9",0.743653544668274
"col10",0.0515236748806225
