"","x"
"col1",0.744906477539771
"col2",0.659193367008454
"col3",0.772755182507284
"col4",0.668631107854426
"col5",0.820959563155134
"col6",0.857602530065408
"col7",0.00499866540945504
"col8",0.80842173248413
"col9",0.596548511691687
"col10",0.00499963263189462
