"","x"
"1",1.71802519030634
"2",1.36006538138324
"3",0.965175171998795
"4",0.258072354676797
"5",0.0809738790882322
"6",0.0291892831983485
"7",-0.0228796903614291
"8",-0.0485803324317766
"9",-0.070555278341862
"10",-0.241956035312047
