"","x"
"1",1.71888289731001
"2",1.35635460133947
"3",0.962010856860675
"4",0.272742473066657
"5",0.0848120603753332
"6",0.0330985887407373
"7",-0.0221600057461737
"8",-0.0477348147445738
"9",-0.0694970757557978
"10",-0.227526351794143
