"","MR1","MR2","MR3"
"age",0.163225314712927,-0.231437545618753,0.0569727671862487
"lwt",0.445046035682199,-0.192814127861692,-0.0427795971656823
"race",-0.276272783732225,0.451599629952993,-0.552068137950689
"smoke",-0.0276203429111021,0.0292733011145002,0.613143642914385
"ptl",-0.184141129137034,0.165751974649866,0.279519123417284
"ht",0.789829706192145,0.609375536098075,0.048860932683622
"ui",-0.316467477312403,0.233725489923519,0.202188211411764
"ftv",0.102158905860052,-0.220475754125722,0.00241994488656729
"bwt",0.213562817406845,-0.49226833206325,-0.230511784560456
