"","ML1","ML3","ML2"
"age",-0.00826749888961303,-0.220367680591729,0.117794307677372
"lwt",0.244917714433476,-0.353994934521765,0.0706566847463421
"race",-0.0249508796358076,0.296243750789506,-0.800780761394289
"smoke",0.040811701722321,0.270696190729017,0.528446681533394
"ptl",-0.00948399133349984,0.336867016422564,0.150284239968412
"ht",1.00911320045751,0.124381316848177,0.0603609361394433
"ui",-0.10734358290686,0.414248525490329,0.088325510564691
"ftv",-0.0694542924063606,-0.195661085490367,0.0452898811068781
"bwt",-0.146319758818915,-0.621561737813789,-0.0409601121437016
