"","x"
"age",0.916131632646291
"lwt",0.814288829028262
"race",0.405382148562146
"smoke",0.633767635110712
"ptl",0.853915969907641
"ht",0.997802816357984
"ui",0.801983908030325
"ftv",0.944748240438254
"bwt",0.725475190554448
