"","x"
"age",0.916135055145382
"lwt",0.814293648000485
"race",0.405352060825127
"smoke",0.633768403488334
"ptl",0.853918429411489
"ht",0.997802939745365
"ui",0.801984875248122
"ftv",0.944748468173626
"bwt",0.725475521063438
