"","x"
"age",0.916548262913985
"lwt",0.762926644286846
"race",0.414951894254849
"smoke",0.622435063653036
"ptl",0.860487387103861
"ht",0.00244310047889862
"ui",0.804340658329658
"ftv",0.940948143662918
"bwt",0.658927129447581
