"","x"
"1",1.04996101370372
"2",0.856562335854428
"3",0.317228444380144
"4",0.276320641440626
"5",0.038255037756835
"6",0.017339076862497
"7",-0.0983168719981201
"8",-0.211899176289206
"9",-0.338929902812301
