"","x"
"agemate",0.0212626681902671
"info",0.650354639677277
"comp",0.49948747638984
"arith",0.346421188160098
"simil",0.513634143372805
"vocab",0.567076435279791
"digit",0.212809496056455
"pictcomp",0.398225126028599
"parang",0.191494190813075
"block",0.442349382257129
"object",0.379691012556672
"coding",0.800825673807303
