"","ML1","ML2"
"DT_AVG_UNIT_LEN",-0.669199213775857,-0.116140330272188
"DT_BM",0.108524960360573,-0.768604015877667
"DT_BT",0.150556458770285,0.810457883664799
"DT_MS",0.986843458954994,-0.13624241184263
"DT_MT",-0.00731191362179689,0.00718321212303167
"DT_SC",0.164298070468857,0.0696295183812617
"DT_SM",0.918112471483794,-0.19247513640896
"DT_TM",0.241951865422081,0.932350366805392
"DT_TS",-0.573305520184976,-0.0547890914292648
"DT_UNITS",0.916382044182224,0.118155604760506
