"","ULS1","ULS2"
"DT_AVG_UNIT_LEN",-0.704991207219762,-0.126874830334156
"DT_BM",0.14729549531546,-0.76916928283106
"DT_BT",0.185228143697307,0.826260946847093
"DT_MS",0.975347487117039,-0.105066649933536
"DT_MT",-0.00541581441971451,0.00529315969597903
"DT_SC",0.244692977508938,0.0532722452388436
"DT_SM",0.841884947507664,-0.11466252325559
"DT_TM",0.249121253986521,0.936391265716797
"DT_TS",-0.540987906755275,0.00300922352327333
"DT_UNITS",0.977194821437269,0.166942448857042
