"","ULS1","ULS2"
"DT_AVG_UNIT_LEN",-0.710366174249449,-0.00835091098556428
"DT_BM",0.0527598898201784,-0.788161664379657
"DT_BT",0.281968174207361,0.78936903457424
"DT_MS",0.949049579556204,-0.267007986803712
"DT_MT",-0.00470356976216389,0.00615821157835479
"DT_SC",0.247668897918504,0.012067197890786
"DT_SM",0.816303464108449,-0.254270597390767
"DT_TM",0.358206198118393,0.888042188999806
"DT_TS",-0.53304584673688,0.0932327396014937
"DT_UNITS",0.983572734203998,0.00272004675568814
