"","x"
"agemate",0.988678447337311
"info",0.361455151262069
"comp",0.494577575157288
"arith",0.604245840763273
"simil",0.453476217627402
"vocab",0.417142275618717
"digit",0.798684822126137
"pictcomp",0.555190089764488
"parang",0.812800149411611
"block",0.259250677783857
"object",0.668377528617336
"coding",0.928443547479551
