"","x"
"1",3.65375036430405
"2",2.24699907485193
"3",0.521725697712865
"4",0.250366741853404
"5",0.085994853361713
"6",0.000891991223052058
"7",-0.00388898422535602
"8",-0.0366146234521856
"9",-0.108259968920477
"10",-0.199675838997402
