"","x"
"1",3.59518310109172
"2",2.17782115225523
"3",0.349755551871267
"4",0.219591475906657
"5",0.0573393252739574
"6",0.00056363024066064
"7",-0.0483993153029066
"8",-0.104105629390346
"9",-0.208230209668603
"10",-0.266514954383441
