"","x"
"A",0.00355973937910747
"B",0.0173223261801569
"C",0.00384613290880509
"D",0.435472660966643
"E",0.702742604815542
"F",0.365605845889472
"G",0.558509263144355
"H",0.52083445322661
"I",0.771932375444452
"J",0.592411774940097
"K",0.71499278940973
