"","x"
"1",3.87596380675075
"2",1.66936344555633
"3",1.15972160664311
"4",0.997969462054492
"5",0.969698436479775
"6",0.610944687013938
"7",0.442573308712111
"8",0.408784606582045
"9",0.33993750628676
"10",0.312217786481675
"11",0.212825347439011
