"","x"
"CRIM",0.579948822421845
"ZN",0.512303284895827
"INDUS",0.283350881795791
"CHAS",0.938044769409766
"NOX",0.224146301050645
"RM",0.314637115966198
"AGE",0.302225972003522
"DIS",0.150279098280942
"RAD",0.0789921857254974
"TAX",0.0986595703801949
"PTRATIO",0.694453550452841
"B",0.756114969413528
"LSTAT",0.320067126648243
