"","x"
"A",0.988752810067998
"B",0.442258819472636
"C",0.996124853320769
"D",0.564343645085341
"E",0.295267269353119
"F",0.633071527992591
"G",0.360718333268248
"H",0.387229474550446
"I",0.249525051742728
"J",0.357525496882754
"K",0.264026452586336
