"","x"
"col1",0.0563303606289688
"col2",0.995
"col3",0.947750840766195
"col4",0.161415274736997
"col5",0.45408963496502
"col6",0.313421490484187
"col7",0.271574931476631
"col8",0.503815909023937
"col9",0.0948158328517803
"col10",0.811777037443852
