"","x"
"col1",0.0411295984392795
"col2",0.995
"col3",0.995
"col4",0.0369762119178968
"col5",0.120718540967024
"col6",0.31662793926095
"col7",0.00240935422252508
"col8",0.492851679348221
"col9",0.0281009050931117
"col10",0.816157751788195
