"","MR1","MR2"
"col1",0.193849655400344,0.031445816556797
"col2",0.468016486859573,0.888213585557316
"col3",0.725615283598334,-0.58201648556668
"col4",0.204140441630705,0.0918479996353241
"col5",0.44674733335782,-0.045017470295326
"col6",-0.532808318899983,0.163199534742435
"col7",0.109224723740962,0.0341789222967107
"col8",0.720768180113454,0.0316519150613263
"col9",0.185931419099555,-0.167724520153114
"col10",0.858212543312327,0.108923704512684
