"","ML2","ML1","ML3"
"col1",0.20207180811971,0.0183449486238931,0.123422105217219
"col2",0.639360437857855,-0.765649610738833,-0.00265583459863212
"col3",0.625658727494779,0.776882143706849,-0.00379879561807388
"col4",0.189695835333661,-0.0344746179624778,0.316813858432436
"col5",0.331220169574603,0.109533742731192,0.587116104161494
"col6",-0.508624097381488,-0.240861372348119,-0.0460918640208892
"col7",0.00736534459274003,-0.0481510156937987,0.495973751611808
"col8",0.69749895856235,0.0839547890968407,0.188248725751913
"col9",0.0434361070657163,0.162201162346325,0.293000624930976
"col10",0.901102369485897,0.064583203102868,0.00448300002875555
