"","x"
"col1",0.958869280899157
"col2",0.00499539208041655
"col3",0.00499720932005876
"col4",0.962999222916823
"col5",0.879288630742424
"col6",0.683362355117171
"col7",0.997630554856032
"col8",0.507148328693144
"col9",0.971875551863273
"col10",0.183842301262655
