"","x"
"col1",0.943676367899107
"col2",-0.00766103115864891
"col3",0.0523300107373031
"col4",0.838598402297152
"col5",0.545947244433023
"col6",0.686584237170794
"col7",0.728456110471067
"col8",0.496170002854731
"col9",0.905169753885247
"col10",0.188191849664028
