"","x"
"1",2.64638264830965
"2",1.2459266789769
"3",0.520625886440689
"4",0.200048145200038
"5",0.0489809562375966
"6",0.012212019569733
"7",-0.0612587211617613
"8",-0.181188627240115
"9",-0.2716514781484
"10",-0.315086335935514
