"","ML1","ML2","ML3"
"agemate",0.0769975198159407,0.0649997482825509,0.0341755369831695
"info",0.779579982338696,0.156573312895166,0.0792760844376247
"comp",0.550953816095311,0.447830339492784,-0.0363359932092744
"arith",0.556790530659312,0.136753851630354,0.258914750968561
"simil",0.620140007958519,0.369901839946777,-0.158501677296473
"vocab",0.718016705237915,0.25518844871484,0.0467823794081146
"digit",0.433388616596397,-0.00523185052973386,0.116026344502269
"pictcomp",0.201521049941434,0.604887602077696,-0.195729827871761
"parang",0.157764777358755,0.384871643708111,0.119096362172608
"block",0.104015456462992,0.737201722525362,0.431814459390347
"object",0.0866288450219076,0.566054468513197,-0.0608297071263368
"coding",0.0566793900719015,-0.00323041089621871,0.261406701725429
