"","x"
"agemate",0.990260326724403
"info",0.356327074936583
"comp",0.494364141715436
"arith",0.662415455092789
"simil",0.508992054222139
"vocab",0.407662525953169
"digit",0.814474703660352
"pictcomp",0.607452131929384
"parang",0.812616914440238
"block",0.593822961203645
"object",0.626220767815278
"coding",0.995020026018578
