"","x"
"1",3.3033485628732
"2",0.831623850145278
"3",0.304997699904934
"4",0.224322358679609
"5",0.086959116910637
"6",0.0629709332659188
"7",0.00338123732633225
"8",-0.0331124623213091
"9",-0.0481941463141632
"10",-0.171596042636391
"11",-0.193560188222231
"12",-0.236168548515549
