"","x"
"sex",0.58862201943753
"zygosity",0.00382335309508997
"moed",0.504549919336146
"faed",0.728357265269026
"faminc",0.331846345446488
"english",0.66209986718925
"math",0.619126137420199
"socsci",0.731943476854916
"natsci",0.64930434879393
"vocab",0.71149840323536
