"","x"
"sex",0.979939320203072
"zygosity",0.996348999263457
"moed",0.497623363792348
"faed",0.273429911750581
"faminc",0.667508875372614
"english",0.455012398430789
"math",0.442988786733042
"socsci",0.251946336785032
"natsci",0.367466749951091
"vocab",0.321527937978047
