"","x"
"sex",0.984533175392487
"zygosity",0.996725914391964
"moed",0.496976861679129
"faed",0.269473840134574
"faminc",0.668894984291672
"english",0.44085861745809
"math",0.479383185861543
"socsci",0.230890558325612
"natsci",0.406601290160908
"vocab",0.28692865925619
